To honour the JVM settings for this build a single-use Daemon process will be forked. For more on this, please refer to https://docs.gradle.org/8.13/userguide/gradle_daemon.html#sec:disabling_the_daemon in the Gradle documentation.
Daemon will be stopped at the end of the build 
> Task :app:checkKotlinGradlePluginConfigurationErrors SKIPPED
> Task :app:preBuild UP-TO-DATE
> Task :app:preDebugBuild UP-TO-DATE
> Task :app:checkDebugAarMetadata UP-TO-DATE
> Task :app:processDebugNavigationResources UP-TO-DATE
> Task :app:compileDebugNavigationResources UP-TO-DATE
> Task :app:generateDebugResValues UP-TO-DATE
> Task :app:mapDebugSourceSetPaths UP-TO-DATE
> Task :app:generateDebugResources UP-TO-DATE
> Task :app:mergeDebugResources UP-TO-DATE
> Task :app:packageDebugResources UP-TO-DATE
> Task :app:parseDebugLocalResources UP-TO-DATE
> Task :app:createDebugCompatibleScreenManifests UP-TO-DATE
> Task :app:extractDeepLinksDebug UP-TO-DATE
> Task :app:processDebugMainManifest UP-TO-DATE
> Task :app:processDebugManifest UP-TO-DATE
> Task :app:processDebugManifestForPackage UP-TO-DATE
> Task :app:processDebugResources UP-TO-DATE
> Task :app:kspDebugKotlin UP-TO-DATE

> Task :app:compileDebugKotlin FAILED
gradlew.bat : e: file:///C:/Users/iMac/.qclaw/workspace-agent-6a54a1bf/village-doc-ai/app/src/main/java/com/brzhang/gem
ma_ai/MainActivity.kt:67:35 Assignment type mismatch: actual type is 'Flow<UserProfile?>', but 'UserProfile?' was expec
ted.
所在位置 行:7 字符: 1
+ & "$base\gradlew.bat" compileDebugKotlin --no-daemon 2>&1 | Out-File  ...
+ ~~~~~~~~~~~~~~~~~~~~~~~~~~~~~~~~~~~~~~~~~~~~~~~~~~~~~~~~~
    + CategoryInfo          : NotSpecified: (e: file:///C:/U...' was expected.:String) [], RemoteException
    + FullyQualifiedErrorId : NativeCommandError
 
e: file:///C:/Users/iMac/.qclaw/workspace-agent-6a54a1bf/village-doc-ai/app/src/main/java/com/brzhang/gemma_ai/MainActi
vity.kt:148:41 No parameter with name 'chronicConditions' found.
e: file:///C:/Users/iMac/.qclaw/workspace-agent-6a54a1bf/village-doc-ai/app/src/main/java/com/brzhang/gemma_ai/MainActi
vity.kt:149:41 No parameter with name 'emergencyContacts' found.
e: file:///C:/Users/iMac/.qclaw/workspace-agent-6a54a1bf/village-doc-ai/app/src/main/java/com/brzhang/gemma_ai/MainActi
vity.kt:150:41 No parameter with name 'village' found.
e: file:///C:/Users/iMac/.qclaw/workspace-agent-6a54a1bf/village-doc-ai/app/src/main/java/com/brzhang/gemma_ai/MainActi
vity.kt:152:57 Unresolved reference 'upsert'.
e: file:///C:/Users/iMac/.qclaw/workspace-agent-6a54a1bf/village-doc-ai/app/src/main/java/com/brzhang/gemma_ai/data/db/
UserProfile.kt:8:11 Redeclaration:
interface UserProfileDao : Any
e: file:///C:/Users/iMac/.qclaw/workspace-agent-6a54a1bf/village-doc-ai/app/src/main/java/com/brzhang/gemma_ai/data/db/
UserProfileDao.kt:8:11 Redeclaration:
interface UserProfileDao : Any
e: file:///C:/Users/iMac/.qclaw/workspace-agent-6a54a1bf/village-doc-ai/app/src/main/java/com/brzhang/gemma_ai/service/
WeeklyReportWorker.kt:38:41 Unresolved reference 'chronicConditions'.
e: file:///C:/Users/iMac/.qclaw/workspace-agent-6a54a1bf/village-doc-ai/app/src/main/java/com/brzhang/gemma_ai/service/
WeeklyReportWorker.kt:52:83 Unresolved reference 'age'.
e: file:///C:/Users/iMac/.qclaw/workspace-agent-6a54a1bf/village-doc-ai/app/src/main/java/com/brzhang/gemma_ai/ui/medic
ine/MedicineScreen.kt:87:30 Unresolved reference 'currentMedications'.
e: file:///C:/Users/iMac/.qclaw/workspace-agent-6a54a1bf/village-doc-ai/app/src/main/java/com/brzhang/gemma_ai/ui/setup
/SetupScreen.kt:39:68 Unresolved reference 'chronicConditions'.
e: file:///C:/Users/iMac/.qclaw/workspace-agent-6a54a1bf/village-doc-ai/app/src/main/java/com/brzhang/gemma_ai/ui/setup
/SetupScreen.kt:47:57 Unresolved reference 'emergencyContacts'.
e: file:///C:/Users/iMac/.qclaw/workspace-agent-6a54a1bf/village-doc-ai/app/src/main/java/com/brzhang/gemma_ai/ui/setup
/SetupScreen.kt:56:78 Unresolved reference 'village'.
e: file:///C:/Users/iMac/.qclaw/workspace-agent-6a54a1bf/village-doc-ai/app/src/main/java/com/brzhang/gemma_ai/ui/sos/S
osScreen.kt:67:30 Unresolved reference 'emergencyContacts'.
e: file:///C:/Users/iMac/.qclaw/workspace-agent-6a54a1bf/village-doc-ai/app/src/main/java/com/brzhang/gemma_ai/ui/sos/S
osScreen.kt:150:60 Unresolved reference 'village'.
e: file:///C:/Users/iMac/.qclaw/workspace-agent-6a54a1bf/village-doc-ai/app/src/main/java/com/brzhang/gemma_ai/ui/theme
/Theme.kt:26:22 Unresolved reference 'ElderlyTypography'.
e: file:///C:/Users/iMac/.qclaw/workspace-agent-6a54a1bf/village-doc-ai/app/src/main/java/com/brzhang/gemma_ai/ui/theme
/Type.kt:13:7 Redeclaration:
class TtsHelper : TextToSpeech.OnInitListener
e: file:///C:/Users/iMac/.qclaw/workspace-agent-6a54a1bf/village-doc-ai/app/src/main/java/com/brzhang/gemma_ai/ui/voice
/VoiceConsultScreen.kt:96:30 Unresolved reference 'chronicConditions'.
e: file:///C:/Users/iMac/.qclaw/workspace-agent-6a54a1bf/village-doc-ai/app/src/main/java/com/brzhang/gemma_ai/util/Tts
Helper.kt:13:7 Redeclaration:
class TtsHelper : TextToSpeech.OnInitListener

FAILURE: Build failed with an exception.

* What went wrong:
Execution failed for task ':app:compileDebugKotlin'.
> A failure occurred while executing org.jetbrains.kotlin.compilerRunner.GradleCompilerRunnerWithWorkers$GradleKotlinCo
mpilerWorkAction
   > Compilation error. See log for more details

17 actionable tasks: 1 executed, 16 up-to-date
* Try:
> Run with --stacktrace option to get the stack trace.
> Run with --info or --debug option to get more log output.
> Run with --scan to get full insights.
> Get more help at https://help.gradle.org.

BUILD FAILED in 48s
